
> monter-real-estate@1.0.0 build
> next build

   Creating an optimized production build ...
Warning: Contentlayer might not work as expected on Windows
Warning: Found 99 problems in 99 documents.

 ÔööÔöÇÔöÇ Invalid markdown in 99 documents. (Skipping documents)
     
     ÔÇó "blog/aerocity-mohali-commercial-property-2026.mdx" failed with YAMLParseError: Unexpected scalar at node end at line 12, column 79:
     
     coverImage: "/assets/images/blog/aerocity-mohali-commercial-property-2026.jpg"
                                                                                   ^
     
     ÔÇó "blog/branded-developer-mohali-premium-worth-it-2026.mdx" failed with YAMLParseError: Unexpected scalar at node end at line 13, column 18:
     
     schema: "Article"
                      ^
     
     ÔÇó "blog/branded-developer-vs-local-developer-mohali.mdx" failed with YAMLParseError: Unexpected scalar at node end at line 12, column 18:
     
     schema: "Article"
                      ^
     
     ÔÇó "blog/buying-luxury-flat-mohali-corporate-salary-finance.mdx" failed with YAMLParseError: Unexpected scalar at node end at line 13, column 18:
     
     schema: "Article"
                      ^
     
     ÔÇó "blog/capital-gains-tax-agricultural-land-punjab-2026.mdx" failed with YAMLParseError: Unexpected scalar at node end at line 12, column 18:
     
     schema: "Article"
                      ^
     
     ÔÇó "blog/cheque-bouncing-property-transaction-punjab-rights.mdx" failed with YAMLParseError: Unexpected scalar at node end at line 13, column 18:
     
     schema: "Article"
                      ^
     
     ÔÇó "blog/developer-partnership-dispute-real-estate-buyer-rights.mdx" failed with YAMLParseError: Unexpected scalar at node end at line 13, column 18:
     
     schema: "Article"
                      ^
     
     ÔÇó "blog/far-increase-mohali-2026-floor-area-ratio.mdx" failed with YAMLParseError: Unexpected scalar at node end at line 12, column 80:
     
     coverImage: "/assets/images/blog/far-increase-mohali-2026-floor-area-ratio.jpg"
                                                                                    ^
     
     ÔÇó "blog/fd-not-safe-investment-land-acquisition-money.mdx" failed with YAMLParseError: Unexpected scalar at node end at line 13, column 18:
     
     schema: "Article"
                      ^
     
     ÔÇó "blog/fd-vs-real-estate-mohali-returns-2026.mdx" failed with YAMLParseError: Unexpected scalar at node end at line 12, column 18:
     
     schema: "Article"
                      ^
     
     ÔÇó "blog/fema-nri-property-purchase-india-rules.mdx" failed with YAMLParseError: Unexpected scalar at node end at line 12, column 18:
     
     schema: "Article"
                      ^
     
     ÔÇó "blog/financial-background-real-estate-advisor-mohali.mdx" failed with YAMLParseError: Unexpected scalar at node end at line 12, column 86:
     
     ÔÇªmage: "/assets/images/blog/financial-background-real-estate-advisor-mohali.jpg"
                                                                                     ^
     
     ÔÇó "blog/floor-rise-charges-mohali-flat-negotiate.mdx" failed with YAMLParseError: Unexpected scalar at node end at line 12, column 18:
     
     schema: "Article"
                      ^
     
     ÔÇó "blog/forest-department-approval-cancellation-lesson.mdx" failed with YAMLParseError: Unexpected scalar at node end at line 13, column 18:
     
     schema: "Article"
                      ^
     
     ÔÇó "blog/forest-department-approval-real-estate-punjab.mdx" failed with YAMLParseError: Unexpected scalar at node end at line 13, column 18:
     
     schema: "Article"
                      ^
     
     ÔÇó "blog/gmada-mohali-explained-guide.mdx" failed with YAMLParseError: Unexpected scalar at node end at line 12, column 67:
     
     coverImage: "/assets/images/blog/gmada-mohali-explained-guide.jpg"
                                                                       ^
     
     ÔÇó "blog/gmada-plot-transfer-ownership-process.mdx" failed with YAMLParseError: Unexpected scalar at node end at line 13, column 18:
     
     schema: "Article"
                      ^
     
     ÔÇó "blog/gmada-property-nri-allotment-process.mdx" failed with YAMLParseError: Unexpected scalar at node end at line 11, column 18:
     
     schema: "Article"
                      ^
     
     ÔÇó "blog/hidden-costs-mohali-property-purchase.mdx" failed with YAMLParseError: Unexpected scalar at node end at line 13, column 18:
     
     schema: "Article"
                      ^
     
     ÔÇó "blog/home-loan-mohali-property-2026-best-rate.mdx" failed with YAMLParseError: Unexpected scalar at node end at line 12, column 79:
     
     coverImage: "/assets/images/blog/home-loan-mohali-property-2026-best-rate.jpg"
                                                                                   ^
     
     ÔÇó ... 79 more documents (Use the --verbose CLI option to show all documents)
     

Generated 0 documents in .contentlayer
node.exe : <w> [webpack.cache.PackFileCacheStrategy] Serializing big strings (102kiB) impacts deserialization 
performance (consider using Buffer instead and decode when needed)
At line:1 char:1
+ & "C:\Program Files\nodejs/node.exe" "C:\Users\Magicbook\AppData\Roam ...
+ ~~~~~~~~~~~~~~~~~~~~~~~~~~~~~~~~~~~~~~~~~~~~~~~~~~~~~~~~~~~~~~~~~~~~~
    + CategoryInfo          : NotSpecified: (<w> [webpack.ca...de when needed):String) [], RemoteException
    + FullyQualifiedErrorId : NativeCommandError
 
<w> [webpack.cache.PackFileCacheStrategy] Serializing big strings (225kiB) impacts deserialization performance 
(consider using Buffer instead and decode when needed)
 Ô£ô Compiled successfully
   Linting and checking validity of types ...
   Collecting page data ...
   Generating static pages (0/30) ...

   Generating static pages (7/30) 
Supabase Admin credentials missing. Returning a dummy client for build/SSR.
Supabase Admin credentials missing. Returning a dummy client for build/SSR.
Supabase Admin credentials missing. Returning a dummy client for build/SSR.
Supabase Admin credentials missing. Returning a dummy client for build/SSR.

   Generating static pages (14/30) 
Supabase credentials missing. Returning a dummy client for build/SSR.
Supabase Admin credentials missing. Returning a dummy client for build/SSR.
Supabase Admin credentials missing. Returning a dummy client for build/SSR.
Supabase Admin credentials missing. Returning a dummy client for build/SSR.
Supabase Admin credentials missing. Returning a dummy client for build/SSR.
Supabase Admin credentials missing. Returning a dummy client for build/SSR.

   Generating static pages (22/30) 
Supabase credentials missing. Returning a dummy client for build/SSR.
Supabase credentials missing. Returning a dummy client for build/SSR.
Supabase credentials missing. Returning a dummy client for build/SSR.
Supabase credentials missing. Returning a dummy client for build/SSR.
Supabase credentials missing. Returning a dummy client for build/SSR.

 Ô£ô Generating static pages (30/30) 
   Finalizing page optimization ...
   Collecting build traces ...

Route (app)                              Size     First Load JS
Ôöî Ôùï /                                    14 kB           175 kB
Ôö£ Ôùï /_not-found                          0 B                0 B
Ôö£ ╬╗ /[slug]                              51.2 kB         194 kB
Ôö£ Ôùï /about                               4.09 kB         136 kB
Ôö£ Ôùï /admin/agents                        4.8 kB          157 kB
Ôö£ Ôùï /admin/blog-posts                    161 B          81.3 kB
Ôö£ Ôùï /admin/dashboard                     161 B          81.3 kB
Ôö£ Ôùï /admin/featured                      3.73 kB         152 kB
Ôö£ Ôùï /admin/leads                         2.62 kB         155 kB
Ôö£ Ôùï /admin/login                         1.2 kB          153 kB
Ôö£ Ôùï /admin/properties                    4.5 kB          157 kB
Ôö£ ╬╗ /admin/properties/[id]               406 B           172 kB
Ôö£ Ôùï /admin/properties/new                188 B           172 kB
Ôö£ Ôùï /admin/settings                      3.6 kB         84.7 kB
Ôö£ ╬╗ /api/contact                         0 B                0 B
Ôö£ ╬╗ /api/subscribe                       0 B                0 B
Ôö£ ╬╗ /api/upload                          0 B                0 B
Ôö£ Ôùï /blog                                2.56 kB         146 kB
Ôö£ ÔùÅ /blog/[slug]                         6.32 kB        99.7 kB
Ôö£ Ôùï /booking                             5.18 kB        93.3 kB
Ôö£ Ôùï /contact                             7.36 kB         105 kB
Ôö£ Ôùï /cookies                             161 B          81.3 kB
Ôö£ Ôùï /imprint                             161 B          81.3 kB
Ôö£ Ôùï /list-property                       188 B          88.3 kB
Ôö£ Ôùï /list-your-property                  188 B          88.3 kB
Ôö£ Ôùï /mortgage-calculator                 3.92 kB          85 kB
Ôö£ Ôùï /privacy                             161 B          81.3 kB
Ôö£ Ôùï /properties                          5.82 kB         154 kB
Ôö£ Ôùï /relocation                          188 B          88.3 kB
Ôö£ Ôùï /sitemap.xml                         0 B                0 B
Ôöö Ôùï /terms                               161 B          81.3 kB
+ First Load JS shared by all            81.1 kB
  Ôö£ chunks/2472-d1b44522c1be49d9.js      27.5 kB
  Ôö£ chunks/fd9d1056-9c723bda4e8ca130.js  51.1 kB
  Ôö£ chunks/main-app-d793fca28a0aa6f5.js  232 B
  Ôöö chunks/webpack-799106d3a3c6be4d.js   2.29 kB


ãÆ Middleware                             185 kB

╬╗  (Server)  server-side renders at runtime (uses getInitialProps or getServerSideProps)
Ôùï  (Static)  automatically rendered as static HTML (uses no initial props)
ÔùÅ  (SSG)     automatically generated as static HTML + JSON (uses getStaticProps)

